// Jest Snapshot v1, https://goo.gl/fbAQLP

exports[`renders ./components/image-picker/demo/basic.tsx correctly 1`] = `
<Text>
  需要访问相册的权限
</Text>
`;
